BSE raw done
BSE rz done
BSE heq done
SEt raw done
SEt rz done
SEt heq done
Inlens raw done
Inlens rz done
Inlens heq done

===== FEAT=cls  n_crops per chan/norm ~1875  baseline srcs=['S1780', 'S1880', 'S2080', 'S2148', 'S2156', 'S2316']
            crop_R2_src  crop_R2_batch  crop_R2_batch|src  crop_R2_tile  tile_R2_src  tile_R2_src_p  tile_R2_batch  tile_R2_batch|src  tile_R2_batch|src_p  sil_crop_src  sil_crop_batch  sil_tile_src  sil_tile_batch  knn10_srcpurity  nn1_srcpurity  knn_chance  tile_vote_src_acc
BSE/raw           0.089          0.025              0.006         0.106        0.837          0.001          0.226              0.060                0.280        -0.053           0.025         0.275           0.119            0.169          0.206       0.062              0.379
BSE/rz            0.089          0.020              0.007         0.108        0.826          0.001          0.181              0.060                0.227        -0.062           0.024         0.272           0.106            0.154          0.199       0.062              0.414
BSE/heq           0.072          0.017              0.008         0.092        0.783          0.001          0.188              0.086                0.500        -0.037           0.015         0.228           0.057            0.144          0.182       0.062              0.414
SEt/raw           0.108          0.029              0.010         0.135        0.806          0.001          0.214              0.071                0.498        -0.054           0.036         0.155           0.130            0.188          0.241       0.062              0.414
SEt/rz            0.103          0.028              0.013         0.140        0.734          0.001          0.200              0.094                0.500        -0.043           0.028         0.044           0.102            0.176          0.222       0.062              0.414
SEt/heq           0.102          0.028              0.012         0.138        0.736          0.001          0.210              0.086                0.478        -0.026           0.027         0.079           0.117            0.180          0.211       0.062              0.448
Inlens/raw        0.099          0.025              0.007         0.119        0.832          0.001          0.225              0.059                0.509        -0.052           0.023         0.311           0.116            0.229          0.298       0.062              0.483
Inlens/rz         0.099          0.025              0.007         0.120        0.835          0.001          0.220              0.057                0.506        -0.045           0.021         0.291           0.104            0.215          0.287       0.062              0.448
Inlens/heq        0.128          0.028              0.008         0.148        0.863          0.001          0.195              0.050                0.515        -0.024           0.026         0.376           0.036            0.291          0.354       0.062              0.483
            src_pc1_evr  loo_pc1_med  loo_pc1_min  loo_dc1_med  loo_dc1_min  boot_crop_pc1_med  boot_crop_pc1_p5  boot_crop_dc1_p5  boot_tile_pc1_med  boot_tile_pc1_p5  auc_base_pc1  auc_base_dc1  tile_pc1_evr  tile_pc1_eta2_src  crop_pc1_eta2_src  crop_pc1_eta2_tile  crop_dc1_eta2_src  acq_crop_pc1_maxabs
BSE/raw           0.422        1.000        0.664        0.993        0.713              0.962             0.885             0.885              0.973             0.890         0.762         0.762         0.377              0.910              0.159               0.179              0.175                0.171
BSE/rz            0.500        1.000        0.993        1.000        0.986              0.973             0.923             0.918              0.967             0.934         0.619         0.619         0.447              0.917              0.187               0.207              0.203                0.182
BSE/heq           0.459        0.993        0.958        0.993        0.867              0.973             0.940             0.918              0.962             0.901         0.738         0.714         0.441              0.852              0.151               0.176              0.160                0.176
SEt/raw           0.374        0.979        0.776        0.986        0.769              0.934             0.868             0.863              0.901             0.736         0.643         0.643         0.353              0.803              0.151               0.189              0.164                0.149
SEt/rz            0.428        1.000        0.951        0.993        0.923              0.978             0.934             0.918              0.901             0.790         0.690         0.667         0.434              0.691              0.152               0.227              0.156                0.189
SEt/heq           0.457        1.000        0.986        1.000        0.986              0.989             0.973             0.973              0.951             0.890         0.643         0.667         0.412              0.778              0.135               0.201              0.133                0.190
Inlens/raw        0.441        1.000        0.958        1.000        0.972              0.984             0.956             0.951              0.973             0.940         0.762         0.738         0.376              0.873              0.109               0.134              0.113                0.102
Inlens/rz         0.378        0.986        0.902        0.993        0.937              0.973             0.918             0.917              0.945             0.879         0.762         0.762         0.320              0.859              0.096               0.122              0.097                0.110
Inlens/heq        0.383        0.986        0.916        0.986        0.930              0.973             0.912             0.906              0.973             0.895         0.690         0.690         0.358              0.983              0.139               0.163              0.163                0.186

acq stats Spearman vs src-PC1 (13 srcs) | tile-PC1 (31 tiles):
  BSE/raw: src mean=-0.21 std=+0.60 p1=-0.60 p99=+0.15 n_unique=+0.24 | tile mean=+0.23 std=-0.55 p1=+0.53 p99=-0.27 n_unique=-0.29
  BSE/rz: src mean=+0.24 std=-0.27 p1=+0.37 p99=+0.00 n_unique=-0.23 | tile mean=-0.13 std=+0.38 p1=-0.32 p99=+0.22 n_unique=+0.29
  BSE/heq: src mean=-0.52 std=+0.57 p1=-0.66 p99=+0.30 n_unique=+0.46 | tile mean=-0.41 std=+0.47 p1=-0.58 p99=+0.35 n_unique=+0.31
  SEt/raw: src mean=+0.04 std=+0.54 p1=+0.40 p99=+0.36 n_unique=-0.17 | tile mean=+0.40 std=-0.26 p1=-0.35 p99=-0.19 n_unique=-0.01
  SEt/rz: src mean=+0.10 std=-0.44 p1=-0.46 p99=-0.36 n_unique=+0.14 | tile mean=+0.32 std=-0.38 p1=-0.26 p99=-0.28 n_unique=-0.04
  SEt/heq: src mean=-0.04 std=+0.50 p1=+0.46 p99=+0.35 n_unique=-0.09 | tile mean=-0.27 std=+0.35 p1=+0.31 p99=+0.27 n_unique=+0.00
  Inlens/raw: src mean=-0.41 std=-0.08 p1=+0.64 p99=+0.08 n_unique=-0.18 | tile mean=-0.40 std=-0.16 p1=+0.43 p99=-0.14 n_unique=-0.01
  Inlens/rz: src mean=-0.39 std=-0.02 p1=+0.57 p99=+0.14 n_unique=-0.21 | tile mean=-0.36 std=-0.05 p1=+0.48 p99=-0.12 n_unique=-0.01
  Inlens/heq: src mean=-0.30 std=+0.38 p1=+0.48 p99=+0.01 n_unique=+0.47 | tile mean=-0.45 std=+0.25 p1=+0.49 p99=-0.39 n_unique=+0.46

|rho| PC1 src-orderings across chan/norm:
            BSE/raw  BSE/rz  BSE/heq  SEt/raw  SEt/rz  SEt/heq  Inlens/raw  Inlens/rz  Inlens/heq
BSE/raw        1.00    0.87     0.68     0.51    0.40     0.37        0.49       0.37        0.03
BSE/rz         0.87    1.00     0.69     0.49    0.36     0.29        0.36       0.25        0.21
BSE/heq        0.68    0.69     1.00     0.85    0.82     0.76        0.77       0.71        0.35
SEt/raw        0.51    0.49     0.85     1.00    0.92     0.95        0.91       0.86        0.30
SEt/rz         0.40    0.36     0.82     0.92    1.00     0.95        0.87       0.87        0.52
SEt/heq        0.37    0.29     0.76     0.95    0.95     1.00        0.92       0.90        0.48
Inlens/raw     0.49    0.36     0.77     0.91    0.87     0.92        1.00       0.98        0.43
Inlens/rz      0.37    0.25     0.71     0.86    0.87     0.90        0.98       1.00        0.47
Inlens/heq     0.03    0.21     0.35     0.30    0.52     0.48        0.43       0.47        1.00

|rho| DC1 src-orderings across chan/norm:
            BSE/raw  BSE/rz  BSE/heq  SEt/raw  SEt/rz  SEt/heq  Inlens/raw  Inlens/rz  Inlens/heq
BSE/raw        1.00    0.87     0.71     0.49    0.42     0.41        0.44       0.38        0.03
BSE/rz         0.87    1.00     0.70     0.51    0.41     0.36        0.31       0.26        0.22
BSE/heq        0.71    0.70     1.00     0.89    0.85     0.82        0.77       0.75        0.25
SEt/raw        0.49    0.51     0.89     1.00    0.93     0.93        0.88       0.86        0.10
SEt/rz         0.42    0.41     0.85     0.93    1.00     0.96        0.86       0.81        0.29
SEt/heq        0.41    0.36     0.82     0.93    0.96     1.00        0.95       0.90        0.30
Inlens/raw     0.44    0.31     0.77     0.88    0.86     0.95        1.00       0.98        0.30
Inlens/rz      0.38    0.26     0.75     0.86    0.81     0.90        0.98       1.00        0.32
Inlens/heq     0.03    0.22     0.25     0.10    0.29     0.30        0.30       0.32        1.00

Mantel r (Spearman) src distance matrices:
            BSE/raw  BSE/rz  BSE/heq  SEt/raw  SEt/rz  SEt/heq  Inlens/raw  Inlens/rz  Inlens/heq
BSE/raw        1.00    0.95     0.77     0.89    0.86     0.78        0.65       0.60        0.39
BSE/rz         0.95    1.00     0.79     0.89    0.85     0.73        0.61       0.56        0.35
BSE/heq        0.77    0.79     1.00     0.79    0.80     0.76        0.63       0.57        0.53
SEt/raw        0.89    0.89     0.79     1.00    0.95     0.87        0.71       0.69        0.52
SEt/rz         0.86    0.85     0.80     0.95    1.00     0.91        0.69       0.65        0.45
SEt/heq        0.78    0.73     0.76     0.87    0.91     1.00        0.71       0.66        0.50
Inlens/raw     0.65    0.61     0.63     0.71    0.69     0.71        1.00       0.96        0.74
Inlens/rz      0.60    0.56     0.57     0.69    0.65     0.66        0.96       1.00        0.81
Inlens/heq     0.39    0.35     0.53     0.52    0.45     0.50        0.74       0.81        1.00
Mantel p:
            BSE/raw  BSE/rz  BSE/heq  SEt/raw  SEt/rz  SEt/heq  Inlens/raw  Inlens/rz  Inlens/heq
BSE/raw      0.0000  0.0005   0.0005   0.0005  0.0005   0.0005      0.0005     0.0005      0.0085
BSE/rz       0.0005  0.0000   0.0005   0.0005  0.0005   0.0005      0.0005     0.0005      0.0170
BSE/heq      0.0005  0.0005   0.0000   0.0005  0.0005   0.0005      0.0005     0.0005      0.0010
SEt/raw      0.0005  0.0005   0.0005   0.0000  0.0005   0.0005      0.0005     0.0005      0.0010
SEt/rz       0.0005  0.0005   0.0005   0.0005  0.0000   0.0005      0.0005     0.0005      0.0030
SEt/heq      0.0005  0.0005   0.0005   0.0005  0.0005   0.0000      0.0005     0.0005      0.0005
Inlens/raw   0.0005  0.0005   0.0005   0.0005  0.0005   0.0005      0.0000     0.0005      0.0005
Inlens/rz    0.0005  0.0005   0.0005   0.0005  0.0005   0.0005      0.0005     0.0000      0.0005
Inlens/heq   0.0085  0.0170   0.0010   0.0010  0.0030   0.0005      0.0005     0.0005      0.0000

Perturbation: median centroid shift / median between-src centroid dist (ratio_between), / within-src tile dist (ratio_within)
        ratio_between             ratio_within            
norm              heq   raw    rz          heq   raw    rz
pert                                                      
b+20             0.00  0.15  0.00         0.00  0.27  0.00
b-20             0.33  0.43  0.16         0.48  0.67  0.29
blur1.5          1.54  0.75  1.41         2.52  1.28  2.32
c0.7             0.02  0.17  0.04         0.02  0.29  0.06
c1.3             0.21  0.39  0.20         0.36  0.67  0.35
g0.7             0.00  0.38  0.24         0.00  0.63  0.42
g1.4             0.03  0.38  0.34         0.04  0.62  0.57
noise10          0.96  0.75  0.77         1.53  1.26  1.28
own-src nearest  orig: {'heq': 0.78, 'raw': 0.67, 'rz': 0.72}  pert: {'heq': 0.69, 'raw': 0.67, 'rz': 0.62}
     ratio_between      
            median   max
norm                    
heq           0.04  2.84
raw           0.39  1.32
rz            0.25  2.17

Novelty z (vs 6 baseline-src LOO null); rows=src, cols=chan/norm
        base  BSE/raw  BSE/rz  BSE/heq  SEt/raw  SEt/rz  SEt/heq  Inlens/raw  Inlens/rz  Inlens/heq
S1612  False      0.6     0.4     -0.1     -0.5    -0.2      1.1        -0.3        0.4         1.2
S1780   True     -1.1    -1.1     -0.6     -0.4    -0.7     -0.3         1.0        1.2         0.8
S1880   True     -0.6    -0.5     -1.0     -0.5    -0.7     -1.1        -1.4       -1.6        -1.9
S1904  False      4.6     2.7      1.0      2.4     2.4      2.0         2.8        3.1         2.3
S2048  False      2.4     1.8      0.7      3.0     1.4      0.9         4.8        4.8         4.0
S2060  False      1.0     0.4      0.3     -1.0    -0.3     -0.0        -0.6        0.1         0.9
S2068  False     -1.6    -1.1      0.0     -1.5    -0.9     -0.7        -0.2        0.5         1.4
S2080   True     -0.0    -0.1      0.1     -0.4    -0.3     -0.7        -0.8       -0.4         0.5
S2088  False      0.6    -0.8     -0.4     -1.8    -1.1     -0.5        -1.5       -1.4        -1.3
S2148   True      1.8     1.8      0.0      2.0     1.9      1.1         1.1        0.9         0.5
S2156   True     -0.0    -0.3     -0.3     -0.6    -0.4     -0.4        -0.3       -0.4        -0.3
S2272  False     -0.0    -0.1      0.1     -0.1    -0.4     -0.7        -0.3       -0.2        -1.1
S2316   True     -0.1     0.2      1.9     -0.2     0.2      1.4         0.3        0.3         0.4
Novelty ratio (score / median baseline LOO score)
       BSE/raw  BSE/rz  BSE/heq  SEt/raw  SEt/rz  SEt/heq  Inlens/raw  Inlens/rz  Inlens/heq
S1612     1.02    1.03     1.00     0.99    1.01     1.05        0.99       1.01        1.02
S1780     0.97    0.96     0.99     1.00    0.98     1.00        1.03       1.03        1.01
S1880     0.98    0.99     0.98     0.99    0.98     0.98        0.96       0.96        0.94
S1904     1.15    1.14     1.03     1.13    1.14     1.08        1.08       1.08        1.05
S2048     1.08    1.09     1.02     1.16    1.09     1.04        1.13       1.13        1.09
S2060     1.04    1.03     1.01     0.97    1.00     1.01        0.98       1.00        1.01
S2068     0.95    0.96     1.00     0.95    0.97     0.99        0.99       1.01        1.03
S2080     1.00    1.01     1.00     1.00    1.00     0.99        0.98       0.99        1.00
S2088     1.02    0.97     0.99     0.93    0.96     1.00        0.96       0.96        0.95
S2148     1.06    1.10     1.00     1.11    1.12     1.05        1.03       1.02        1.00
S2156     1.00    0.99     1.00     0.99    1.00     1.00        0.99       0.99        0.98
S2272     1.00    1.01     1.01     1.01    1.00     0.99        0.99       1.00        0.96
S2316     1.00    1.02     1.05     1.01    1.03     1.06        1.01       1.01        1.00

src PC1 orderings (raw / heq):
  BSE/raw: S2088 < S2080* < S2060 < S2068 < S1612 < S1780* < S2272 < S1904 < S2156* < S2048 < S1880* < S2316* < S2148*
  BSE/heq: S2060 < S1612 < S2088 < S2068 < S2316* < S2272 < S2080* < S2156* < S1780* < S1880* < S1904 < S2048 < S2148*
  SEt/raw: S2148* < S2048 < S1780* < S2272 < S1880* < S1904 < S2080* < S2156* < S2068 < S1612 < S2060 < S2316* < S2088
  SEt/heq: S2048 < S2148* < S1780* < S2272 < S1880* < S2080* < S2156* < S2068 < S1904 < S1612 < S2088 < S2060 < S2316*
  Inlens/raw: S2148* < S1780* < S2048 < S2156* < S1880* < S2272 < S2080* < S2068 < S1904 < S2060 < S1612 < S2316* < S2088
  Inlens/heq: S1780* < S2088 < S2048 < S2156* < S2080* < S2148* < S2272 < S2316* < S2068 < S1880* < S1904 < S2060 < S1612

Scale-2 (896px->448) context crops:
  BSE/raw: crop R2 src=0.17 batch=0.05  tile R2 src=0.74  sil_crop_src=-0.04
  BSE/heq: crop R2 src=0.16 batch=0.06  tile R2 src=0.74  sil_crop_src=-0.04
  SEt/raw: crop R2 src=0.21 batch=0.06  tile R2 src=0.74  sil_crop_src=-0.03
  SEt/heq: crop R2 src=0.21 batch=0.07  tile R2 src=0.71  sil_crop_src=-0.02
  Inlens/raw: crop R2 src=0.22 batch=0.07  tile R2 src=0.80  sil_crop_src=-0.02
  Inlens/heq: crop R2 src=0.25 batch=0.07  tile R2 src=0.83  sil_crop_src=0.01
