BSE raw done
BSE rz done
BSE heq done
SEt raw done
SEt rz done
SEt heq done
Inlens raw done
Inlens rz done
Inlens heq done

===== FEAT=mp  n_crops per chan/norm ~1875  baseline srcs=['S1780', 'S1880', 'S2080', 'S2148', 'S2156', 'S2316']
            crop_R2_src  crop_R2_batch  crop_R2_batch|src  crop_R2_tile  tile_R2_src  tile_R2_src_p  tile_R2_batch  tile_R2_batch|src  tile_R2_batch|src_p  sil_crop_src  sil_crop_batch  sil_tile_src  sil_tile_batch  knn10_srcpurity  nn1_srcpurity  knn_chance  tile_vote_src_acc
BSE/raw           0.086          0.030              0.007         0.104        0.817          0.001          0.280              0.064                0.280        -0.046           0.023         0.244           0.162            0.169          0.212       0.062              0.379
BSE/rz            0.081          0.022              0.007         0.101        0.800          0.001          0.212              0.066                0.227        -0.043           0.019         0.250           0.121            0.157          0.204       0.062              0.414
BSE/heq           0.066          0.017              0.008         0.086        0.761          0.001          0.195              0.088                0.500        -0.040           0.011         0.197           0.059            0.146          0.166       0.062              0.448
SEt/raw           0.102          0.033              0.010         0.130        0.777          0.001          0.251              0.073                0.498        -0.037           0.027         0.133           0.161            0.191          0.241       0.062              0.414
SEt/rz            0.102          0.028              0.011         0.141        0.716          0.001          0.197              0.081                0.500        -0.043           0.013         0.034           0.096            0.181          0.258       0.062              0.448
SEt/heq           0.103          0.032              0.011         0.141        0.723          0.001          0.229              0.078                0.478        -0.030           0.022         0.071           0.124            0.177          0.221       0.062              0.379
Inlens/raw        0.097          0.023              0.007         0.116        0.835          0.001          0.198              0.056                0.509        -0.026           0.016         0.340           0.072            0.251          0.332       0.062              0.483
Inlens/rz         0.096          0.023              0.007         0.115        0.835          0.001          0.205              0.055                0.506        -0.021           0.017         0.323           0.075            0.235          0.307       0.062              0.448
Inlens/heq        0.131          0.030              0.007         0.149        0.873          0.001          0.201              0.042                0.739        -0.016           0.024         0.428           0.024            0.312          0.389       0.062              0.517
            src_pc1_evr  loo_pc1_med  loo_pc1_min  loo_dc1_med  loo_dc1_min  boot_crop_pc1_med  boot_crop_pc1_p5  boot_crop_dc1_p5  boot_tile_pc1_med  boot_tile_pc1_p5  auc_base_pc1  auc_base_dc1  tile_pc1_evr  tile_pc1_eta2_src  crop_pc1_eta2_src  crop_pc1_eta2_tile  crop_dc1_eta2_src  acq_crop_pc1_maxabs
BSE/raw           0.480        0.993        0.979        1.000        0.986              0.978             0.934             0.934              0.978             0.950         0.833         0.833         0.435              0.892              0.161               0.187              0.168                0.197
BSE/rz            0.433        1.000        0.860        1.000        0.748              0.956             0.907             0.873              0.956             0.868         0.714         0.738         0.395              0.883              0.133               0.161              0.138                0.147
BSE/heq           0.440        0.993        0.958        0.993        0.965              0.967             0.940             0.923              0.945             0.868         0.714         0.714         0.415              0.834              0.095               0.122              0.097                0.128
SEt/raw           0.375        0.993        0.944        0.993        0.692              0.978             0.945             0.934              0.934             0.835         0.714         0.690         0.366              0.784              0.134               0.184              0.151                0.195
SEt/rz            0.425        0.993        0.972        0.993        0.930              0.978             0.945             0.929              0.918             0.813         0.690         0.667         0.432              0.660              0.145               0.234              0.157                0.179
SEt/heq           0.477        1.000        0.993        0.993        0.972              0.995             0.978             0.973              0.956             0.890         0.643         0.643         0.434              0.755              0.145               0.228              0.154                0.191
Inlens/raw        0.359        0.986        0.958        0.993        0.965              0.984             0.956             0.962              0.962             0.923         0.690         0.690         0.306              0.933              0.055               0.074              0.053                0.070
Inlens/rz         0.347        0.986        0.916        0.972        0.930              0.978             0.929             0.934              0.956             0.895         0.738         0.762         0.306              0.955              0.049               0.069              0.046                0.082
Inlens/heq        0.436        0.993        0.951        1.000        0.972              0.978             0.940             0.929              0.984             0.945         0.786         0.786         0.414              0.984              0.152               0.170              0.189                0.200

acq stats Spearman vs src-PC1 (13 srcs) | tile-PC1 (31 tiles):
  BSE/raw: src mean=+0.29 std=-0.73 p1=+0.79 p99=-0.13 n_unique=-0.27 | tile mean=+0.27 std=-0.57 p1=+0.65 p99=-0.27 n_unique=-0.28
  BSE/rz: src mean=+0.29 std=-0.48 p1=+0.57 p99=-0.03 n_unique=-0.23 | tile mean=+0.20 std=-0.42 p1=+0.43 p99=-0.25 n_unique=-0.25
  BSE/heq: src mean=-0.56 std=+0.60 p1=-0.66 p99=+0.36 n_unique=+0.45 | tile mean=-0.36 std=+0.44 p1=-0.53 p99=+0.39 n_unique=+0.31
  SEt/raw: src mean=-0.21 std=+0.37 p1=+0.63 p99=+0.24 n_unique=-0.02 | tile mean=-0.49 std=+0.19 p1=+0.44 p99=+0.13 n_unique=+0.11
  SEt/rz: src mean=+0.15 std=-0.45 p1=-0.52 p99=-0.37 n_unique=+0.10 | tile mean=-0.33 std=+0.34 p1=+0.30 p99=+0.24 n_unique=+0.09
  SEt/heq: src mean=+0.02 std=-0.51 p1=-0.46 p99=-0.39 n_unique=+0.08 | tile mean=+0.33 std=-0.35 p1=-0.32 p99=-0.26 n_unique=-0.01
  Inlens/raw: src mean=+0.52 std=+0.10 p1=-0.52 p99=+0.04 n_unique=-0.04 | tile mean=+0.57 std=+0.15 p1=-0.48 p99=+0.39 n_unique=-0.18
  Inlens/rz: src mean=+0.39 std=+0.03 p1=-0.62 p99=+0.05 n_unique=-0.20 | tile mean=+0.54 std=+0.00 p1=-0.58 p99=+0.39 n_unique=-0.19
  Inlens/heq: src mean=-0.28 std=+0.47 p1=+0.51 p99=-0.04 n_unique=+0.55 | tile mean=-0.45 std=+0.27 p1=+0.53 p99=-0.41 n_unique=+0.49

|rho| PC1 src-orderings across chan/norm:
            BSE/raw  BSE/rz  BSE/heq  SEt/raw  SEt/rz  SEt/heq  Inlens/raw  Inlens/rz  Inlens/heq
BSE/raw        1.00    0.91     0.73     0.57    0.48     0.47        0.46       0.47        0.14
BSE/rz         0.91    1.00     0.73     0.42    0.38     0.35        0.24       0.21        0.07
BSE/heq        0.73    0.73     1.00     0.81    0.78     0.77        0.70       0.64        0.16
SEt/raw        0.57    0.42     0.81     1.00    0.95     0.95        0.87       0.87        0.39
SEt/rz         0.48    0.38     0.78     0.95    1.00     0.94        0.86       0.79        0.37
SEt/heq        0.47    0.35     0.77     0.95    0.94     1.00        0.87       0.84        0.25
Inlens/raw     0.46    0.24     0.70     0.87    0.86     0.87        1.00       0.93        0.37
Inlens/rz      0.47    0.21     0.64     0.87    0.79     0.84        0.93       1.00        0.57
Inlens/heq     0.14    0.07     0.16     0.39    0.37     0.25        0.37       0.57        1.00

|rho| DC1 src-orderings across chan/norm:
            BSE/raw  BSE/rz  BSE/heq  SEt/raw  SEt/rz  SEt/heq  Inlens/raw  Inlens/rz  Inlens/heq
BSE/raw        1.00    0.87     0.68     0.52    0.47     0.51        0.51       0.52        0.24
BSE/rz         0.87    1.00     0.69     0.37    0.42     0.38        0.26       0.19        0.03
BSE/heq        0.68    0.69     1.00     0.80    0.86     0.77        0.75       0.66        0.18
SEt/raw        0.52    0.37     0.80     1.00    0.97     0.97        0.91       0.83        0.15
SEt/rz         0.47    0.42     0.86     0.97    1.00     0.93        0.84       0.74        0.15
SEt/heq        0.51    0.38     0.77     0.97    0.93     1.00        0.88       0.80        0.03
Inlens/raw     0.51    0.26     0.75     0.91    0.84     0.88        1.00       0.93        0.18
Inlens/rz      0.52    0.19     0.66     0.83    0.74     0.80        0.93       1.00        0.46
Inlens/heq     0.24    0.03     0.18     0.15    0.15     0.03        0.18       0.46        1.00

Mantel r (Spearman) src distance matrices:
            BSE/raw  BSE/rz  BSE/heq  SEt/raw  SEt/rz  SEt/heq  Inlens/raw  Inlens/rz  Inlens/heq
BSE/raw        1.00    0.94     0.82     0.86    0.78     0.76        0.69       0.61        0.38
BSE/rz         0.94    1.00     0.86     0.84    0.76     0.70        0.62       0.56        0.35
BSE/heq        0.82    0.86     1.00     0.80    0.77     0.73        0.65       0.58        0.46
SEt/raw        0.86    0.84     0.80     1.00    0.95     0.87        0.70       0.70        0.41
SEt/rz         0.78    0.76     0.77     0.95    1.00     0.89        0.68       0.67        0.39
SEt/heq        0.76    0.70     0.73     0.87    0.89     1.00        0.69       0.65        0.38
Inlens/raw     0.69    0.62     0.65     0.70    0.68     0.69        1.00       0.94        0.76
Inlens/rz      0.61    0.56     0.58     0.70    0.67     0.65        0.94       1.00        0.83
Inlens/heq     0.38    0.35     0.46     0.41    0.39     0.38        0.76       0.83        1.00
Mantel p:
            BSE/raw  BSE/rz  BSE/heq  SEt/raw  SEt/rz  SEt/heq  Inlens/raw  Inlens/rz  Inlens/heq
BSE/raw      0.0000  0.0005   0.0005   0.0005  0.0005   0.0005      0.0005     0.0005      0.0175
BSE/rz       0.0005  0.0000   0.0005   0.0005  0.0005   0.0005      0.0005     0.0005      0.0245
BSE/heq      0.0005  0.0005   0.0000   0.0005  0.0005   0.0005      0.0005     0.0005      0.0045
SEt/raw      0.0005  0.0005   0.0005   0.0000  0.0005   0.0005      0.0005     0.0005      0.0080
SEt/rz       0.0005  0.0005   0.0005   0.0005  0.0000   0.0005      0.0005     0.0005      0.0185
SEt/heq      0.0005  0.0005   0.0005   0.0005  0.0005   0.0000      0.0005     0.0005      0.0135
Inlens/raw   0.0005  0.0005   0.0005   0.0005  0.0005   0.0005      0.0000     0.0005      0.0005
Inlens/rz    0.0005  0.0005   0.0005   0.0005  0.0005   0.0005      0.0005     0.0000      0.0005
Inlens/heq   0.0175  0.0245   0.0045   0.0080  0.0185   0.0135      0.0005     0.0005      0.0000

Perturbation: median centroid shift / median between-src centroid dist (ratio_between), / within-src tile dist (ratio_within)
        ratio_between             ratio_within            
norm              heq   raw    rz          heq   raw    rz
pert                                                      
b+20             0.00  0.14  0.00         0.00  0.25  0.00
b-20             0.32  0.44  0.18         0.47  0.64  0.31
blur1.5          1.43  0.77  1.36         2.61  1.30  2.07
c0.7             0.02  0.17  0.04         0.02  0.27  0.06
c1.3             0.22  0.37  0.17         0.37  0.63  0.29
g0.7             0.00  0.36  0.22         0.00  0.56  0.38
g1.4             0.03  0.36  0.33         0.04  0.60  0.52
noise10          0.92  0.80  0.71         1.52  1.25  1.10
own-src nearest  orig: {'heq': 0.89, 'raw': 0.78, 'rz': 0.83}  pert: {'heq': 0.78, 'raw': 0.69, 'rz': 0.74}
     ratio_between      
            median   max
norm                    
heq           0.04  2.90
raw           0.37  1.27
rz            0.25  2.15

Novelty z (vs 6 baseline-src LOO null); rows=src, cols=chan/norm
        base  BSE/raw  BSE/rz  BSE/heq  SEt/raw  SEt/rz  SEt/heq  Inlens/raw  Inlens/rz  Inlens/heq
S1612  False      1.8     2.2      0.5      0.2     1.1      1.5         1.1        1.5         2.2
S1780   True     -1.0    -0.2     -0.7     -0.4    -0.4     -0.6         0.2        1.1         0.7
S1880   True      0.6    -0.2     -0.3     -1.3    -0.9     -1.1        -1.1       -1.5        -1.8
S1904  False      9.4     6.1      0.6      3.6     4.0      1.9         4.4        5.5         3.6
S2048  False      4.1     3.4      0.1      3.0     1.0      0.5         4.3        5.1         3.6
S2060  False      2.1     2.4      0.7     -0.7     0.2      0.2         0.4        0.7         2.1
S2068  False     -3.2    -1.7      0.4     -0.5    -0.3      0.0         0.8        1.7         2.0
S2080   True      0.8    -0.5      0.1     -0.2    -0.6     -0.4        -0.4        0.0         0.5
S2088  False      2.3     0.8      0.2     -0.5    -0.2      0.3         0.8        0.3        -0.1
S2148   True     -0.6    -0.0     -0.8      1.6     0.3      0.0         0.3        0.3         0.0
S2156   True     -1.0    -1.0     -0.2     -0.3    -0.3      0.2        -0.7       -0.8        -0.4
S2272  False      1.8     0.5     -0.1      0.0    -0.5     -0.2         0.5        0.3        -0.2
S2316   True      1.2     1.9      1.9      0.5     1.9      1.8         1.7        0.9         1.0
Novelty ratio (score / median baseline LOO score)
       BSE/raw  BSE/rz  BSE/heq  SEt/raw  SEt/rz  SEt/heq  Inlens/raw  Inlens/rz  Inlens/heq
S1612     1.02    1.03     1.03     1.02    1.05     1.07        1.03       1.03        1.05
S1780     0.99    1.00     0.98     1.00    1.00     0.98        1.01       1.02        1.01
S1880     1.01    1.00     1.00     0.96    0.98     0.97        0.98       0.96        0.95
S1904     1.10    1.09     1.03     1.13    1.15     1.08        1.10       1.12        1.08
S2048     1.04    1.05     1.01     1.11    1.05     1.03        1.10       1.11        1.08
S2060     1.02    1.04     1.03     0.99    1.02     1.01        1.01       1.01        1.05
S2068     0.97    0.98     1.02     0.99    1.00     1.01        1.02       1.03        1.04
S2080     1.01    1.00     1.01     1.00    0.99     0.99        0.99       1.00        1.01
S2088     1.02    1.01     1.02     0.99    1.00     1.02        1.02       1.00        0.99
S2148     0.99    1.00     0.98     1.07    1.02     1.01        1.01       1.00        0.99
S2156     0.99    0.99     1.00     1.00    1.00     1.02        0.99       0.98        0.98
S2272     1.02    1.01     1.00     1.01    1.00     1.00        1.01       1.00        0.99
S2316     1.01    1.03     1.07     1.03    1.08     1.08        1.04       1.02        1.02

src PC1 orderings (raw / heq):
  BSE/raw: S2148* < S2316* < S1880* < S2048 < S2156* < S2272 < S1780* < S1904 < S2068 < S2080* < S1612 < S2060 < S2088
  BSE/heq: S2060 < S2088 < S1612 < S2068 < S2316* < S2080* < S2272 < S2156* < S1880* < S1780* < S1904 < S2048 < S2148*
  SEt/raw: S2148* < S2048 < S1780* < S2272 < S2080* < S1880* < S2156* < S2068 < S1904 < S2088 < S2316* < S1612 < S2060
  SEt/heq: S2316* < S2060 < S2088 < S1612 < S1904 < S2068 < S2156* < S2080* < S1880* < S2272 < S2148* < S1780* < S2048
  Inlens/raw: S2316* < S2060 < S1612 < S1904 < S2088 < S2080* < S2272 < S1880* < S2068 < S2156* < S2048 < S1780* < S2148*
  Inlens/heq: S2088 < S1780* < S2156* < S2080* < S2316* < S2048 < S2148* < S2272 < S1880* < S2068 < S1904 < S2060 < S1612

Scale-2 (896px->448) context crops:
  BSE/raw: crop R2 src=0.17 batch=0.06  tile R2 src=0.74  sil_crop_src=-0.03
  BSE/heq: crop R2 src=0.15 batch=0.06  tile R2 src=0.72  sil_crop_src=-0.03
  SEt/raw: crop R2 src=0.20 batch=0.07  tile R2 src=0.73  sil_crop_src=-0.01
  SEt/heq: crop R2 src=0.21 batch=0.07  tile R2 src=0.72  sil_crop_src=-0.01
  Inlens/raw: crop R2 src=0.20 batch=0.05  tile R2 src=0.79  sil_crop_src=0.01
  Inlens/heq: crop R2 src=0.25 batch=0.06  tile R2 src=0.83  sil_crop_src=0.02
