Warning: You are sending unauthenticated requests to the HF Hub. Please set a HF_TOKEN to enable higher rate limits and faster downloads.
Batch_1_4ih2ggld_BSE.npy done, n=843, 16s
Batch_1_4ih2ggld_ETD.npy done, n=1686, 42s
Batch_1_4ih2ggld_Inlens.npy done, n=2529, 67s
Batch_1_5n1q8atc_BSE.npy done, n=2796, 72s
Batch_1_5n1q8atc_ETD.npy done, n=3063, 77s
Batch_1_5n1q8atc_Inlens.npy done, n=3330, 83s
Batch_1_f1vzngrs_BSE.npy done, n=4128, 108s
Batch_1_f1vzngrs_ETD.npy done, n=4926, 132s
Batch_1_f1vzngrs_Inlens.npy done, n=5724, 152s
Batch_1_ffwubibz_BSE.npy done, n=5946, 156s
Batch_1_ffwubibz_ETD.npy done, n=6168, 160s
Batch_1_ffwubibz_Inlens.npy done, n=6390, 164s
Batch_1_fzrt2k6r_BSE.npy done, n=6612, 168s
Batch_1_fzrt2k6r_ETD.npy done, n=6834, 172s
Batch_1_fzrt2k6r_Inlens.npy done, n=7056, 175s
Batch_1_iv6g2oq0_BSE.npy done, n=7212, 178s
Batch_1_iv6g2oq0_ETD.npy done, n=7368, 181s
Batch_1_iv6g2oq0_Inlens.npy done, n=7524, 184s
Batch_1_uhdslk0o_BSE.npy done, n=7746, 189s
Batch_1_uhdslk0o_ETD.npy done, n=7968, 192s
Batch_1_uhdslk0o_Inlens.npy done, n=8190, 197s
Batch_2_3806gxp0_BSE.npy done, n=8412, 201s
Batch_2_3806gxp0_ETD.npy done, n=8634, 206s
Batch_2_3806gxp0_Inlens.npy done, n=8856, 210s
Batch_2_avn74qx1_BSE.npy done, n=9078, 214s
Batch_2_avn74qx1_ETD.npy done, n=9300, 219s
Batch_2_avn74qx1_Inlens.npy done, n=9522, 223s
Batch_2_b3esycq1_BSE.npy done, n=9744, 228s
Batch_2_b3esycq1_ETD.npy done, n=9966, 233s
Batch_2_b3esycq1_Inlens.npy done, n=10188, 237s
Batch_2_epqdaau9_BSE.npy done, n=10410, 241s
Batch_2_epqdaau9_ETD.npy done, n=10632, 245s
Batch_2_epqdaau9_Inlens.npy done, n=10854, 248s
Batch_2_i9jiqjwl_BSE.npy done, n=11121, 253s
Batch_2_i9jiqjwl_ETD.npy done, n=11388, 258s
Batch_2_i9jiqjwl_Inlens.npy done, n=11655, 263s
Batch_2_r17byphk_BSE.npy done, n=11877, 268s
Batch_2_r17byphk_ETD.npy done, n=12099, 273s
Batch_2_r17byphk_Inlens.npy done, n=12321, 278s
Batch_2_rxax5ozo_BSE.npy done, n=13119, 307s
Batch_2_rxax5ozo_Inlens.npy done, n=13917, 335s
Batch_2_rxax5ozo_SE.npy done, n=14715, 362s
Batch_3_0grcilhi_BSE.npy done, n=15513, 389s
Batch_3_0grcilhi_ETD.npy done, n=16311, 413s
Batch_3_0grcilhi_Inlens.npy done, n=17109, 431s
Batch_3_71vgq3fw_BSE.npy done, n=17907, 449s
Batch_3_71vgq3fw_ETD.npy done, n=18705, 467s
Batch_3_71vgq3fw_Inlens.npy done, n=19503, 487s
Batch_3_9luzk4jm_BSE.npy done, n=20301, 506s
Batch_3_9luzk4jm_ETD.npy done, n=21099, 525s
Batch_3_9luzk4jm_Inlens.npy done, n=21897, 544s
Batch_3_cfe5vt7s_BSE.npy done, n=22119, 549s
Batch_3_cfe5vt7s_ETD.npy done, n=22341, 552s
Batch_3_cfe5vt7s_Inlens.npy done, n=22563, 556s
Batch_3_hawkfj64_BSE.npy done, n=22785, 560s
Batch_3_hawkfj64_ETD.npy done, n=23007, 564s
Batch_3_hawkfj64_Inlens.npy done, n=23229, 568s
Batch_3_hzumfsms_BSE.npy done, n=23451, 572s
Batch_3_hzumfsms_ETD.npy done, n=23673, 576s
Batch_3_hzumfsms_Inlens.npy done, n=23895, 580s
Batch_3_kbdh4tri_BSE.npy done, n=24117, 584s
Batch_3_kbdh4tri_ETD.npy done, n=24339, 588s
Batch_3_kbdh4tri_Inlens.npy done, n=24561, 591s
Batch_3_mgxahqnk_BSE.npy done, n=24783, 595s
Batch_3_mgxahqnk_ETD.npy done, n=25005, 599s
Batch_3_mgxahqnk_Inlens.npy done, n=25227, 603s
Batch_3_pl8uabbv_BSE.npy done, n=25494, 607s
Batch_3_pl8uabbv_ETD.npy done, n=25761, 612s
Batch_3_pl8uabbv_Inlens.npy done, n=26028, 616s
Batch_3_ptg8lmto_BSE.npy done, n=26184, 619s
Batch_3_ptg8lmto_ETD.npy done, n=26340, 622s
Batch_3_ptg8lmto_Inlens.npy done, n=26496, 626s
Batch_3_tuy3zymq_BSE.npy done, n=26718, 632s
Batch_3_tuy3zymq_ETD.npy done, n=26940, 638s
Batch_3_tuy3zymq_Inlens.npy done, n=27162, 643s
Batch_3_ufdvpb81_BSE.npy done, n=27384, 647s
Batch_3_ufdvpb81_ETD.npy done, n=27606, 651s
Batch_3_ufdvpb81_Inlens.npy done, n=27828, 654s
Batch_3_utfgcjfa_BSE.npy done, n=28050, 658s
Batch_3_utfgcjfa_Inlens.npy done, n=28272, 662s
Batch_3_utfgcjfa_SE.npy done, n=28494, 666s
Batch_3_vc2whyaq_BSE.npy done, n=28716, 672s
Batch_3_vc2whyaq_Inlens.npy done, n=28938, 678s
Batch_3_vc2whyaq_SE.npy done, n=29160, 684s
Batch_3_x77cy643_BSE.npy done, n=29382, 690s
Batch_3_x77cy643_Inlens.npy done, n=29604, 696s
Batch_3_x77cy643_SE.npy done, n=29826, 701s
Batch_3_x7u69zsw_BSE.npy done, n=30048, 708s
Batch_3_x7u69zsw_ETD.npy done, n=30270, 714s
Batch_3_x7u69zsw_Inlens.npy done, n=30492, 720s
Batch_3_xgj4xftb_BSE.npy done, n=30648, 723s
Batch_3_xgj4xftb_ETD.npy done, n=30804, 727s
Batch_3_xgj4xftb_Inlens.npy done, n=30960, 729s
saved (30960, 12) 730s
